["{\"mid\":\"\\\/m\\\/09rvcxw\",\"description\":\"Rocket\",\"score\":0.9806128,\"topicality\":0.9806128}","{\"mid\":\"\\\/m\\\/09g5h\",\"description\":\"Spacecraft\",\"score\":0.94004136,\"topicality\":0.94004136}","{\"mid\":\"\\\/m\\\/04ylt\",\"description\":\"Missile\",\"score\":0.8739072,\"topicality\":0.8739072}","{\"mid\":\"\\\/m\\\/03w2bb\",\"description\":\"Rocket-powered aircraft\",\"score\":0.8259791,\"topicality\":0.8259791}","{\"mid\":\"\\\/m\\\/02bl11\",\"description\":\"Spaceplane\",\"score\":0.80925125,\"topicality\":0.80925125}","{\"mid\":\"\\\/m\\\/09l35\",\"description\":\"space shuttle\",\"score\":0.798612,\"topicality\":0.798612}","{\"mid\":\"\\\/m\\\/06wqb\",\"description\":\"Space\",\"score\":0.77496,\"topicality\":0.77496}","{\"mid\":\"\\\/m\\\/0w7s\",\"description\":\"Aerospace engineering\",\"score\":0.7423668,\"topicality\":0.7423668}","{\"mid\":\"\\\/m\\\/07yv9\",\"description\":\"Vehicle\",\"score\":0.6938986,\"topicality\":0.6938986}"]